------------------------------------------------------------
TimeQuest Timing Analyzer Summary
------------------------------------------------------------

Type  : Slow 1200mV 85C Model Setup 'CLOCK_50'
Slack : -8.362
TNS   : -177.330

Type  : Slow 1200mV 85C Model Setup 'ratedivider_28bit:rateOne|enable'
Slack : -2.897
TNS   : -700.985

Type  : Slow 1200mV 85C Model Setup 'VGA|mypll|altpll_component|pll|clk[0]'
Slack : 32.942
TNS   : 0.000

Type  : Slow 1200mV 85C Model Hold 'CLOCK_50'
Slack : 0.356
TNS   : 0.000

Type  : Slow 1200mV 85C Model Hold 'VGA|mypll|altpll_component|pll|clk[0]'
Slack : 0.403
TNS   : 0.000

Type  : Slow 1200mV 85C Model Hold 'ratedivider_28bit:rateOne|enable'
Slack : 0.470
TNS   : 0.000

Type  : Slow 1200mV 85C Model Minimum Pulse Width 'ratedivider_28bit:rateOne|enable'
Slack : -1.285
TNS   : -483.160

Type  : Slow 1200mV 85C Model Minimum Pulse Width 'CLOCK_50'
Slack : 9.554
TNS   : 0.000

Type  : Slow 1200mV 85C Model Minimum Pulse Width 'VGA|mypll|altpll_component|pll|clk[0]'
Slack : 19.700
TNS   : 0.000

Type  : Slow 1200mV 0C Model Setup 'CLOCK_50'
Slack : -7.598
TNS   : -113.086

Type  : Slow 1200mV 0C Model Setup 'ratedivider_28bit:rateOne|enable'
Slack : -2.594
TNS   : -615.203

Type  : Slow 1200mV 0C Model Setup 'VGA|mypll|altpll_component|pll|clk[0]'
Slack : 33.566
TNS   : 0.000

Type  : Slow 1200mV 0C Model Hold 'CLOCK_50'
Slack : 0.353
TNS   : 0.000

Type  : Slow 1200mV 0C Model Hold 'VGA|mypll|altpll_component|pll|clk[0]'
Slack : 0.354
TNS   : 0.000

Type  : Slow 1200mV 0C Model Hold 'ratedivider_28bit:rateOne|enable'
Slack : 0.436
TNS   : 0.000

Type  : Slow 1200mV 0C Model Minimum Pulse Width 'ratedivider_28bit:rateOne|enable'
Slack : -1.285
TNS   : -483.160

Type  : Slow 1200mV 0C Model Minimum Pulse Width 'CLOCK_50'
Slack : 9.560
TNS   : 0.000

Type  : Slow 1200mV 0C Model Minimum Pulse Width 'VGA|mypll|altpll_component|pll|clk[0]'
Slack : 19.704
TNS   : 0.000

Type  : Fast 1200mV 0C Model Setup 'CLOCK_50'
Slack : -3.832
TNS   : -11.493

Type  : Fast 1200mV 0C Model Setup 'ratedivider_28bit:rateOne|enable'
Slack : -0.957
TNS   : -173.047

Type  : Fast 1200mV 0C Model Setup 'VGA|mypll|altpll_component|pll|clk[0]'
Slack : 36.527
TNS   : 0.000

Type  : Fast 1200mV 0C Model Hold 'CLOCK_50'
Slack : 0.150
TNS   : 0.000

Type  : Fast 1200mV 0C Model Hold 'ratedivider_28bit:rateOne|enable'
Slack : 0.174
TNS   : 0.000

Type  : Fast 1200mV 0C Model Hold 'VGA|mypll|altpll_component|pll|clk[0]'
Slack : 0.182
TNS   : 0.000

Type  : Fast 1200mV 0C Model Minimum Pulse Width 'ratedivider_28bit:rateOne|enable'
Slack : -1.000
TNS   : -376.000

Type  : Fast 1200mV 0C Model Minimum Pulse Width 'CLOCK_50'
Slack : 9.200
TNS   : 0.000

Type  : Fast 1200mV 0C Model Minimum Pulse Width 'VGA|mypll|altpll_component|pll|clk[0]'
Slack : 19.763
TNS   : 0.000

------------------------------------------------------------
